..\Core\Src\main.c:119:1:__io_putchar	16	static
..\Core\Src\main.c:142:6:us_delay	16	static
..\Core\Src\main.c:148:6:Set_Pin_Output	40	static
..\Core\Src\main.c:159:6:Set_Pin_Input	40	static
..\Core\Src\main.c:171:6:DHT11_start	8	static
..\Core\Src\main.c:185:9:DHT11_Response	16	static
..\Core\Src\main.c:206:9:DHT11_ReadData	16	static
..\Core\Src\main.c:227:6:SR04_trig	8	static
..\Core\Src\main.c:240:5:main	32	static
..\Core\Src\main.c:381:6:SystemClock_Config	88	static
..\Core\Src\main.c:427:13:MX_ETH_Init	8	static
..\Core\Src\main.c:476:13:MX_I2C1_Init	8	static
..\Core\Src\main.c:524:13:MX_TIM2_Init	32	static
..\Core\Src\main.c:569:13:MX_TIM3_Init	64	static
..\Core\Src\main.c:638:13:MX_TIM4_Init	48	static
..\Core\Src\main.c:696:13:MX_TIM6_Init	16	static
..\Core\Src\main.c:734:13:MX_USART3_UART_Init	8	static
..\Core\Src\main.c:767:13:MX_USB_OTG_FS_PCD_Init	8	static
..\Core\Src\main.c:802:13:MX_GPIO_Init	56	static
..\Core\Src\main.c:866:6:HAL_TIM_IC_CaptureCallback	16	static
..\Core\Src\main.c:902:6:HAL_GPIO_EXTI_Callback	16	static
..\Core\Src\main.c:918:6:HAL_TIM_PeriodElapsedCallback	16	static
..\Core\Src\main.c:940:6:HAL_UART_RxCpltCallback	24	static
..\Core\Src\main.c:966:6:Error_Handler	4	static,ignoring_inline_asm
